08-02 16:18:37.178 16348 16369 I TestRunner: started: testOpenActivityWithAbcdef(com.example.android.testing.espresso.BasicSample.ChangeTextBehaviorKtTest)
08-02 16:18:37.180 16348 16369 W Settings: Setting always_finish_activities has moved from android.provider.Settings.System to android.provider.Settings.Global, returning read-only value.
08-02 16:18:37.181   501  2352 W InputManager-JNI: Input channel object '3fbbb5 com.example.android.testing.espresso.BasicSample/com.example.android.testing.espresso.BasicSample.MainActivity (client)' was disposed without first being removed with the input manager!
08-02 16:18:37.189   705   856 W Parcel  : Expecting binder but got null!
08-02 16:18:37.201 16348 16348 D LifecycleMonitor: Lifecycle status change: com.example.android.testing.espresso.BasicSample.MainActivity@f44fd76 in: PRE_ON_CREATE
08-02 16:18:37.201 16348 16348 V ActivityScenario: Activity lifecycle changed event received but ignored because the reported transition was not ON_CREATE while the last known transition was PRE_ON_CREATE
08-02 16:18:37.209   705   856 E OpenGLRenderer: Unable to match the desired swap behavior.
08-02 16:18:37.216 16348 16348 D LifecycleMonitor: Lifecycle status change: com.example.android.testing.espresso.BasicSample.MainActivity@f44fd76 in: CREATED
08-02 16:18:37.216 16348 16348 V ActivityScenario: Update currentActivityStage to CREATED, currentActivity=com.example.android.testing.espresso.BasicSample.MainActivity@f44fd76
08-02 16:18:37.217 16348 16348 D LifecycleMonitor: Lifecycle status change: com.example.android.testing.espresso.BasicSample.MainActivity@f44fd76 in: STARTED
08-02 16:18:37.217 16348 16348 V ActivityScenario: Update currentActivityStage to STARTED, currentActivity=com.example.android.testing.espresso.BasicSample.MainActivity@f44fd76
08-02 16:18:37.219 16348 16348 D LifecycleMonitor: Lifecycle status change: com.example.android.testing.espresso.BasicSample.MainActivity@f44fd76 in: RESUMED
08-02 16:18:37.219 16348 16348 V ActivityScenario: Update currentActivityStage to RESUMED, currentActivity=com.example.android.testing.espresso.BasicSample.MainActivity@f44fd76
08-02 16:18:37.221 16348 16372 W Parcel  : Expecting binder but got null!
08-02 16:18:37.243 16348 16372 E OpenGLRenderer: Unable to match the desired swap behavior.
08-02 16:18:37.248   501   520 W ziparchive: Unable to open '/data/app/~~jKtaHMMEDkG0MmOuFCL7oQ==/com.example.android.testing.espresso.BasicSample-G9OuoD3ZTKE_fA64jhUOIA==/base.dm': No such file or directory
08-02 16:18:37.249   501   520 I ActivityTaskManager: Displayed com.example.android.testing.espresso.BasicSample/.MainActivity: +64ms
08-02 16:18:37.256  8098  8098 I GoogleInputMethodService: GoogleInputMethodService.onFinishInput():3227
08-02 16:18:37.256  8098  8098 I GoogleInputMethodService: GoogleInputMethodService.updateDeviceLockedStatus():2087 repeatCheckTimes = 0, unlocked = true
08-02 16:18:37.256  8098  8098 I GoogleInputMethodService: GoogleInputMethodService.onStartInput():1877 onStartInput(EditorInfo{inputType=0x0(NULL) imeOptions=0x0 privateImeOptions=null actionName=UNSPECIFIED actionLabel=null actionId=0 initialSelStart=-1 initialSelEnd=-1 initialCapsMode=0x0 hintText=null label=null packageName=com.example.android.testing.espresso.BasicSample fieldId=-1 fieldName=null extras=null}, false)
08-02 16:18:37.256  8098  8098 I GoogleInputMethodService: GoogleInputMethodService.shouldHideHeaderOnInitialState():4008 ShouldHideHeaderOnInitialState = false
08-02 16:18:37.256  8098  8098 I GoogleInputMethodService: GoogleInputMethodService.updateDeviceLockedStatus():2087 repeatCheckTimes = 2, unlocked = true
08-02 16:18:37.290  1556  1556 I GsaVoiceInteractionSrv: Handling ACTION_STOP_HOTWORD
08-02 16:18:37.290  1556  2218 I HwDetectorWithState: (REDACTED) a: %d
08-02 16:18:37.492  1556  2252 I AssistantForeground: (REDACTED) Get launcher package: %s
08-02 16:18:37.507 16348 16348 I ViewInteraction: Performing 'type text(abcdef)' action on view view.getId() is <2130903042/com.example.android.testing.espresso.BasicSample:id/editTextUserInput>
08-02 16:18:37.512   938  1720 D OneSearchSuggestProvider: Shut down the binder channel
08-02 16:18:37.513   938  7611 I s.nexuslauncher: oneway function results for code 2 on binder at 0xb400007bb7f8d8d0 will be dropped but finished with status UNKNOWN_TRANSACTION
08-02 16:18:37.524   501  3235 W InputManager-JNI: Input channel object '6d0d25c Splash Screen com.example.android.testing.espresso.BasicSample (client)' was disposed without first being removed with the input manager!
08-02 16:18:37.555  8098  8098 I GoogleInputMethodService: GoogleInputMethodService.onFinishInput():3227
08-02 16:18:37.555 16348 16348 D InputMethodManager: showSoftInput() view=android.widget.EditText{d093b10 VFED..CL. .F.P..ID 44,302-1036,426 #7f030002 app:id/editTextUserInput aid=1073741824} flags=0 reason=SHOW_SOFT_INPUT
08-02 16:18:37.556  8098  8098 I GoogleInputMethodService: GoogleInputMethodService.updateDeviceLockedStatus():2087 repeatCheckTimes = 0, unlocked = true
08-02 16:18:37.558  8098  8098 I GoogleInputMethodService: GoogleInputMethodService.onStartInput():1877 onStartInput(EditorInfo{inputType=0x20001(Normal) imeOptions=0x40000006 privateImeOptions=null actionName=DONE actionLabel=null actionId=0 initialSelStart=0 initialSelEnd=0 initialCapsMode=0x0 hintText=non-empty label=null packageName=com.example.android.testing.espresso.BasicSample fieldId=2130903042 fieldName=null extras=null}, false)
08-02 16:18:37.558  8098  8098 I GoogleInputMethodService: GoogleInputMethodService.shouldHideHeaderOnInitialState():4008 ShouldHideHeaderOnInitialState = false
08-02 16:18:37.558  8098  8098 I GoogleInputMethodService: GoogleInputMethodService.updateDeviceLockedStatus():2087 repeatCheckTimes = 2, unlocked = true
08-02 16:18:37.558  8098  8098 I DeviceModeUtil: DeviceModeUtil.getDeviceMode():122 Get device mode phone by ui mode:1 and smallestScreenWidthDp:393
08-02 16:18:37.559  8098  8098 I GoogleInputMethodService: GoogleInputMethodService.onStartInputView():1995 onStartInputView(EditorInfo{inputType=0x20001(Normal) imeOptions=0x40000006 privateImeOptions=null actionName=DONE actionLabel=null actionId=0 initialSelStart=0 initialSelEnd=0 initialCapsMode=0x0 hintText=non-empty label=null packageName=com.example.android.testing.espresso.BasicSample fieldId=2130903042 fieldName=null extras=null}, false)
08-02 16:18:37.559  8098  8149 I DeviceModeUtil: DeviceModeUtil.getDeviceMode():122 Get device mode phone by ui mode:1 and smallestScreenWidthDp:393
08-02 16:18:37.559  8098  8098 I GoogleInputMethodService: GoogleInputMethodService.updateDeviceLockedStatus():2087 repeatCheckTimes = 2, unlocked = true
08-02 16:18:37.559  8098  8098 W ModuleManager: ModuleManager.loadModule():450 Module erj is not available
08-02 16:18:37.560  8098  8098 I KeyboardViewUtil: KeyboardViewUtil.getKeyboardHeightRatio():189 systemKeyboardHeightRatio:1.000000; userKeyboardHeightRatio:1.000000.
08-02 16:18:37.560  8098  8098 I AndroidIME: AbstractIme.onActivate():86 LatinIme.onActivate() : EditorInfo = inputType=0x20001(Normal) imeOptions=0x40000006 privateImeOptions=null actionName=DONE actionLabel=null actionId=0 initialSelStart=0 initialSelEnd=0 initialCapsMode=0x0 hintText=non-empty label=null packageName=com.example.android.testing.espresso.BasicSample fieldId=2130903042 fieldName=null extras=null, IncognitoMode = false, DeviceLocked = false
08-02 16:18:37.560  8098  8098 I Delight5Facilitator: Delight5Facilitator.initializeForIme():777 initializeForIme() : Locale = [en_US], layout = qwerty
08-02 16:18:37.560  8098  8098 I VoiceInputManagerWrapper: VoiceInputManagerWrapper.cancelShutdown():55 cancelShutdown()
08-02 16:18:37.560  8098  8098 I VoiceInputManagerWrapper: VoiceInputManagerWrapper.syncLanguagePacks():67 syncLanguagePacks()
08-02 16:18:37.561  8098  8098 I LatinIme: LatinIme.updateEnableInlineSuggestionsOnDecoderSideFlags():1003 inline flag updated to:false
08-02 16:18:37.561  8098  9093 I SpeechFactory: SpeechRecognitionFactory.maybeScheduleAutoPackDownloadForFallback():205 maybeScheduleAutoPackDownloadForFallback()
08-02 16:18:37.561  8098  9093 I FallbackOnDeviceRecognitionProvider: FallbackOnDeviceRecognitionProvider.maybeScheduleAutoPackDownload():195 maybeScheduleAutoPackDownload() for language tag en-US
08-02 16:18:37.562  8098  8098 I KeyboardWrapper: KeyboardWrapper.consumeEvent():275 Skip consuming an event as current keyboard is deactivated (state=0, keyboard existence=true)
08-02 16:18:37.563  8098  8098 I KeyboardViewUtil: KeyboardViewUtil.calculateMaxKeyboardBodyHeight():40 leave 344 height for app when screen height:2148, header height:121 and isFullscreenMode:false, so the max keyboard body height is:1683
08-02 16:18:37.563  8098  8098 I DeviceModeUtil: DeviceModeUtil.getDeviceMode():122 Get device mode phone by ui mode:1 and smallestScreenWidthDp:393
08-02 16:18:37.563  8098  8098 I GoogleInputMethodService: GoogleInputMethodService.setKeyboardViewShown():3483 setKeyboardViewShown() : type = HEADER, shownType = SHOW_OPTIONAL
08-02 16:18:37.563  8098  8098 I GoogleInputMethodService: GoogleInputMethodService.setKeyboardViewShown():3530 setKeyboardViewShown() : shouldShow = true
08-02 16:18:37.563  8098  8098 I GoogleInputMethodService: GoogleInputMethodService.setKeyboardViewShown():3483 setKeyboardViewShown() : type = BODY, shownType = SHOW_MANDATORY
08-02 16:18:37.563  8098  8098 I GoogleInputMethodService: GoogleInputMethodService.setKeyboardViewShown():3530 setKeyboardViewShown() : shouldShow = true
08-02 16:18:37.563  8098  8098 I GoogleInputMethodService: GoogleInputMethodService.setKeyboardViewShown():3483 setKeyboardViewShown() : type = FLOATING_CANDIDATES, shownType = HIDE
08-02 16:18:37.563  8098  8098 I GoogleInputMethodService: GoogleInputMethodService.setKeyboardViewShown():3530 setKeyboardViewShown() : shouldShow = false
08-02 16:18:37.563  8098  8098 I KeyboardViewUtil: KeyboardViewUtil.calculateMaxKeyboardBodyHeight():40 leave 344 height for app when screen height:2148, header height:121 and isFullscreenMode:false, so the max keyboard body height is:1683
08-02 16:18:37.564  8098  8098 I DeviceModeUtil: DeviceModeUtil.getDeviceMode():122 Get device mode phone by ui mode:1 and smallestScreenWidthDp:393
08-02 16:18:37.564  8098  8098 I DeviceModeUtil: DeviceModeUtil.getDeviceMode():122 Get device mode phone by ui mode:1 and smallestScreenWidthDp:393
08-02 16:18:37.564  8098  8098 I DeviceModeUtil: DeviceModeUtil.getDeviceMode():122 Get device mode phone by ui mode:1 and smallestScreenWidthDp:393
08-02 16:18:37.564  8098  8098 I KeyboardModeManager: KeyboardModeManager.setInputView():364 setInputView() : supportsOneHandedMode=true
08-02 16:18:37.564  8098  8098 I NormalModeController: NormalModeController.getKeyboardBodyViewHolderPaddingBottom():116 currentPrimeKeyboardType:SOFT systemPaddingBottom:-1
08-02 16:18:37.564  8098  8098 I NormalModeController: NormalModeController.getKeyboardBodyViewHolderPaddingBottom():116 currentPrimeKeyboardType:SOFT systemPaddingBottom:-1
08-02 16:18:37.565  8098  8098 I KeyboardModeManager: KeyboardModeManager.setInputView():356 setInputView() : entry=hwn{languageTag=en-US, variant=qwerty, hasLocalizedResources=true, conditionCacheKey=_device=phone_device_size=default_enable_adaptive_text_editing=true_enable_inline_suggestions_on_client_side=false_enable_large_tablet_batch_1=false_enable_large_tablet_batch_2=false_enable_more_candidates_view_for_multilingual=false_enable_nav_redesign=false_enable_number_row=false_enable_preemptive_decode=true_enable_secondary_symbols=false_expressions=normal_four_or_more_letter_rows=false_keyboard_mode=normal_language=en-US_orientation=portrait_physical_keyboard=qwerty_show_secondary_digits=true_show_suggestions=true_split_with_duplicate_keys=true_variant=qwerty, imeDef.stringId=ime_english_united_states, imeDef.className=com.google.android.apps.inputmethod.libs.latin5.LatinIme, imeDef.languageTag=en-US}
08-02 16:18:37.565  8098  8098 I VoiceImeExtension: VoiceImeExtension.shouldStartVoiceInputAutomatically():383 No private IME option set to start voice input.
08-02 16:18:37.573 16348 16348 I AssistStructure: Flattened final assist data: 1536 bytes, containing 1 windows, 6 views
08-02 16:18:37.575  8098  8185 E OpenGLRenderer: Unable to match the desired swap behavior.
08-02 16:18:37.583   949   949 V InlineSuggestionRenderService: handleDestroySuggestionViews called for 0:679764134
08-02 16:18:37.583  8098  8098 I DeviceModeUtil: DeviceModeUtil.getDeviceMode():122 Get device mode phone by ui mode:1 and smallestScreenWidthDp:393
08-02 16:18:37.583  8098  8098 I DeviceModeUtil: DeviceModeUtil.getDeviceMode():122 Get device mode phone by ui mode:1 and smallestScreenWidthDp:393
08-02 16:18:37.583  8098  8098 I NormalModeController: NormalModeController.getKeyboardBodyViewHolderPaddingBottom():116 currentPrimeKeyboardType:SOFT systemPaddingBottom:-1
08-02 16:18:37.584  8098  8196 I Delight5Decoder: Delight5DecoderWrapper.setKeyboardLayout():457 setKeyboardLayout()
08-02 16:18:37.584  7560  7600 I .gms.persistent: oneway function results for code 1 on binder at 0xb400007bb7f9d890 will be dropped but finished with status UNKNOWN_TRANSACTION and reply parcel size 80
08-02 16:18:37.588 16348 16348 D InsetsController: show(ime(), fromIme=true)
08-02 16:18:37.764  8098  8098 W TooltipLifecycleManager: TooltipLifecycleManager.dismissTooltips():159 Tooltip with id spell_check_add_to_dictionary not found in tooltipManager.
08-02 16:18:37.818 16348 16348 D UiControllerImpl: Injecting string: "abcdef"
08-02 16:18:37.822   501  3235 D InputDispatcher: Touch mode switch rejected, caller (pid=0, uid=10175) doesn't own the focused window nor none of the previously interacted window
08-02 16:18:37.840  8098  8098 W AndroidSpellCheckerService: AndroidSpellCheckerService.initialize():82 initialize...
08-02 16:18:37.840  8098  8098 I ShortcutsDataManager: ShortcutsDataManager.onContentChanged():70 onContentChanged()
08-02 16:18:37.840  8098  8098 I ContactsDataManager: ContactsDataManager.onContentChanged():156 onContentChanged()
08-02 16:18:37.840  8098  8098 W AndroidSpellCheckerService: AndroidSpellCheckerService.initialize():94 initialize...done
08-02 16:18:37.845  8098  8098 I GoogleInputMethodService: GoogleInputMethodService.setKeyboardViewShown():3483 setKeyboardViewShown() : type = HEADER, shownType = SHOW_MANDATORY_WITH_ANIMATION
08-02 16:18:37.845  8098  8098 I GoogleInputMethodService: GoogleInputMethodService.setKeyboardViewShown():3530 setKeyboardViewShown() : shouldShow = true
08-02 16:18:37.888  8098  8098 I GoogleInputMethodService: GoogleInputMethodService.setKeyboardViewShown():3483 setKeyboardViewShown() : type = HEADER, shownType = SHOW_MANDATORY_WITH_ANIMATION
08-02 16:18:37.888  8098  8098 I GoogleInputMethodService: GoogleInputMethodService.setKeyboardViewShown():3530 setKeyboardViewShown() : shouldShow = true
08-02 16:18:37.906  8098  8098 I GoogleInputMethodService: GoogleInputMethodService.setKeyboardViewShown():3483 setKeyboardViewShown() : type = HEADER, shownType = SHOW_MANDATORY_WITH_ANIMATION
08-02 16:18:37.906  8098  8098 I GoogleInputMethodService: GoogleInputMethodService.setKeyboardViewShown():3530 setKeyboardViewShown() : shouldShow = true
08-02 16:18:37.924  8098  8098 W InputContextProxyV4: InputContextProxyV4.applyClientDiffInternal():897 Ignore [FetchSuggestions] diff due to stale request: 571<573, inputStateId=525, lastInputStateId=526
08-02 16:18:37.940 16348 16348 I ViewInteraction: Performing 'close keyboard' action on view view.getId() is <2130903042/com.example.android.testing.espresso.BasicSample:id/editTextUserInput>
08-02 16:18:37.941  8098  8098 I GoogleInputMethodService: GoogleInputMethodService.setKeyboardViewShown():3483 setKeyboardViewShown() : type = HEADER, shownType = SHOW_MANDATORY_WITH_ANIMATION
08-02 16:18:37.941  8098  8098 I GoogleInputMethodService: GoogleInputMethodService.setKeyboardViewShown():3530 setKeyboardViewShown() : shouldShow = true
08-02 16:18:37.942 16348 16348 D IdlingRegistry: Registering idling resources: [androidx.test.espresso.action.CloseKeyboardAction$CloseKeyboardIdlingResult@7b412d4]
08-02 16:18:37.943  8098  8098 I GoogleInputMethodService: GoogleInputMethodService.onFinishInputView():2241
08-02 16:18:37.943  8098  8098 W TooltipLifecycleManager: TooltipLifecycleManager.dismissTooltips():159 Tooltip with id spell_check_add_to_dictionary not found in tooltipManager.
08-02 16:18:37.944  8098  8098 I InputBundle: InputBundle.consumeEvent():923 Skip consuming an event as keyboard status is 0
08-02 16:18:37.944  8098  8098 I KeyboardWrapper: KeyboardWrapper.consumeEvent():275 Skip consuming an event as current keyboard is deactivated (state=0, keyboard existence=true)
08-02 16:18:37.944  8098  8098 I VoiceInputManagerWrapper: VoiceInputManagerWrapper.shutdown():77 shutdown()
08-02 16:18:37.944  8098  8098 I AndroidIME: AbstractIme.onDeactivate():207 LatinIme.onDeactivate()
08-02 16:18:37.947  8098  8196 I native  : I0000 00:00:1754165917.947398    8196 input-context-store.cc:255] Ignoring stale client request for FetchSuggestions
08-02 16:18:37.947  8098  8196 I native  : I0000 00:00:1754165917.947844    8196 input-context-store.cc:178] Ignoring stale client request for OverrideDecodedCandidates
08-02 16:18:37.948  8098  8149 W ModuleManager: ModuleManager.loadModule():450 Module jjj is not available
08-02 16:18:37.955  8098  8098 W InputContextProxyV4: InputContextProxyV4.applyClientDiffInternal():897 Ignore [FetchSuggestions] diff due to stale request: 575<576, inputStateId=0, lastInputStateId=529
08-02 16:18:38.172   705   856 D EGL_emulation: app_time_stats: avg=16.94ms min=12.35ms max=33.64ms count=58
08-02 16:18:38.257 16348 16348 D IdlingRegistry: Unregistering idling resources: [androidx.test.espresso.action.CloseKeyboardAction$CloseKeyboardIdlingResult@7b412d4]
08-02 16:18:38.258 16348 16348 I ViewInteraction: Performing 'single click' action on view view.getId() is <2130903040/com.example.android.testing.espresso.BasicSample:id/activityChangeTextBtn>
08-02 16:18:38.272 16348 16372 D EGL_emulation: app_time_stats: avg=51.18ms min=8.74ms max=300.24ms count=20
08-02 16:18:38.310 16348 16348 D LifecycleMonitor: Lifecycle status change: com.example.android.testing.espresso.BasicSample.MainActivity@f44fd76 in: PAUSED
08-02 16:18:38.310 16348 16348 V ActivityScenario: Update currentActivityStage to PAUSED, currentActivity=com.example.android.testing.espresso.BasicSample.MainActivity@f44fd76
08-02 16:18:38.325 16348 16348 D LifecycleMonitor: Lifecycle status change: com.example.android.testing.espresso.BasicSample.ShowTextActivity@6e81f58 in: PRE_ON_CREATE
08-02 16:18:38.325 16348 16348 V ActivityScenario: Activity lifecycle changed event received but ignored because the intent does not match. startActivityIntent=Intent { act=android.intent.action.MAIN cat=[android.intent.category.LAUNCHER] flg=0x10008000 cmp=com.example.android.testing.espresso.BasicSample/.MainActivity }, activity.getIntent()=Intent { cmp=com.example.android.testing.espresso.BasicSample/.ShowTextActivity (has extras) }, activity=com.example.android.testing.espresso.BasicSample.ShowTextActivity@6e81f58
08-02 16:18:38.327 16348 16348 D LifecycleMonitor: Lifecycle status change: com.example.android.testing.espresso.BasicSample.ShowTextActivity@6e81f58 in: CREATED
08-02 16:18:38.327 16348 16348 V ActivityScenario: Activity lifecycle changed event received but ignored because the intent does not match. startActivityIntent=Intent { act=android.intent.action.MAIN cat=[android.intent.category.LAUNCHER] flg=0x10008000 cmp=com.example.android.testing.espresso.BasicSample/.MainActivity }, activity.getIntent()=Intent { cmp=com.example.android.testing.espresso.BasicSample/.ShowTextActivity (has extras) }, activity=com.example.android.testing.espresso.BasicSample.ShowTextActivity@6e81f58
08-02 16:18:38.327 16348 16348 D LifecycleMonitor: Lifecycle status change: com.example.android.testing.espresso.BasicSample.ShowTextActivity@6e81f58 in: STARTED
08-02 16:18:38.327 16348 16348 V ActivityScenario: Activity lifecycle changed event received but ignored because the intent does not match. startActivityIntent=Intent { act=android.intent.action.MAIN cat=[android.intent.category.LAUNCHER] flg=0x10008000 cmp=com.example.android.testing.espresso.BasicSample/.MainActivity }, activity.getIntent()=Intent { cmp=com.example.android.testing.espresso.BasicSample/.ShowTextActivity (has extras) }, activity=com.example.android.testing.espresso.BasicSample.ShowTextActivity@6e81f58
08-02 16:18:38.328 16348 16348 D LifecycleMonitor: Lifecycle status change: com.example.android.testing.espresso.BasicSample.ShowTextActivity@6e81f58 in: RESUMED
08-02 16:18:38.328 16348 16348 V ActivityScenario: Activity lifecycle changed event received but ignored because the intent does not match. startActivityIntent=Intent { act=android.intent.action.MAIN cat=[android.intent.category.LAUNCHER] flg=0x10008000 cmp=com.example.android.testing.espresso.BasicSample/.MainActivity }, activity.getIntent()=Intent { cmp=com.example.android.testing.espresso.BasicSample/.ShowTextActivity (has extras) }, activity=com.example.android.testing.espresso.BasicSample.ShowTextActivity@6e81f58
08-02 16:18:38.329 16348 16372 W Parcel  : Expecting binder but got null!
08-02 16:18:38.341 16348 16372 E OpenGLRenderer: Unable to match the desired swap behavior.
08-02 16:18:38.349   501   520 I ActivityTaskManager: Displayed com.example.android.testing.espresso.BasicSample/.ShowTextActivity: +46ms
08-02 16:18:38.360   501  9165 W Parcel  : Expecting binder but got null!
08-02 16:18:38.364   501  9165 W Parcel  : Expecting binder but got null!
08-02 16:18:38.439  8098  8098 I GoogleInputMethodService: GoogleInputMethodService.onFinishInput():3227
08-02 16:18:38.440  8098  8098 I GoogleInputMethodService: GoogleInputMethodService.updateDeviceLockedStatus():2087 repeatCheckTimes = 0, unlocked = true
08-02 16:18:38.440  8098  8098 I GoogleInputMethodService: GoogleInputMethodService.onStartInput():1877 onStartInput(EditorInfo{inputType=0x0(NULL) imeOptions=0x0 privateImeOptions=null actionName=UNSPECIFIED actionLabel=null actionId=0 initialSelStart=-1 initialSelEnd=-1 initialCapsMode=0x0 hintText=null label=null packageName=com.example.android.testing.espresso.BasicSample fieldId=-1 fieldName=null extras=null}, false)
08-02 16:18:38.440  8098  8098 I GoogleInputMethodService: GoogleInputMethodService.shouldHideHeaderOnInitialState():4008 ShouldHideHeaderOnInitialState = false
08-02 16:18:38.440  8098  8098 I GoogleInputMethodService: GoogleInputMethodService.updateDeviceLockedStatus():2087 repeatCheckTimes = 2, unlocked = true
08-02 16:18:38.441  8098  8098 I ShortcutsDataManager: AbstractContentDataManager.startImportContentTask():234 startImportContentTask()
08-02 16:18:38.441  8098  8161 I ShortcutsDataManager: AbstractContentDataManager$ImportContentTask.doInBackground():248 doInBackground()
08-02 16:18:38.441  8098  8161 I PersonalDictionaryDataHandler: PersonalDictionaryDataHandler.beginProcess():111 LanguageTags = [en-US]
08-02 16:18:38.445  8098  8161 I ShortcutsDataManager: AbstractContentDataManager.importRecords():338 importRecords() : Success : Count = 0
08-02 16:18:38.445  8098  8161 I ShortcutsDataManager: AbstractContentDataManager.importContentData():288 importContentData() : Ending import process
08-02 16:18:38.446  8098  8196 I Delight5Decoder: Delight5DecoderWrapper.unloadLanguageModel():857 unloadLanguageModel() : 4, version [n/a]
08-02 16:18:38.457  8098  8161 I PersonalLanguageModelUpdater: PersonalLanguageModelUpdater$UpdateOperation.performInternal():162 run() : Added 0 words and 0 shortcuts
08-02 16:18:38.458  8098  8161 I DynamicLanguageModelOperation: DynamicLanguageModelOperation.perform():41 perform() : 4 : cje : Completed
08-02 16:18:38.458  8098  8196 I Delight5Decoder: Delight5DecoderWrapper.loadLanguageModel():649 loadLanguageModel() : 4, version [n/a]
08-02 16:18:38.458  8098  8098 I ShortcutsDataManager: AbstractContentDataManager$ImportContentTask.onPostExecute():259 onPostExecute() : Result = [2,0]
08-02 16:18:38.458  8098  8098 I ShortcutsDataManager: ShortcutsDataManager.onImportFinished():80 onImportFinished() : Result = 2 : Count = 0
08-02 16:18:38.459  8098  8196 I Delight5Decoder: Delight5DecoderWrapper.loadLanguageModel():690 Loaded dynamic LM 4.en
08-02 16:18:38.603 16348 16348 I ViewInteraction: Performing 'Wait for 500 milliseconds' action on view view.getRootView() to equal view
08-02 16:18:38.820 16348 16372 D OpenGLRenderer: endAllActiveAnimators on 0xb400007ca7f84240 (RippleDrawable) with handle 0xb400007bb7f79fb0
08-02 16:18:38.823 16348 16348 D LifecycleMonitor: Lifecycle status change: com.example.android.testing.espresso.BasicSample.MainActivity@f44fd76 in: STOPPED
08-02 16:18:38.823 16348 16348 V ActivityScenario: Update currentActivityStage to STOPPED, currentActivity=com.example.android.testing.espresso.BasicSample.MainActivity@f44fd76
08-02 16:18:39.106 16348 16348 I ViewInteraction: Checking 'MatchesViewAssertion{viewMatcher=an instance of android.widget.TextView and view.getText() with or without transformation to match: is "abcdef"}' assertion on view view.getId() is <2130903043/com.example.android.testing.espresso.BasicSample:id/show_text_view>
08-02 16:18:39.115 16348 16348 D LifecycleMonitor: Lifecycle status change: com.example.android.testing.espresso.BasicSample.ShowTextActivity@6e81f58 in: PAUSED
08-02 16:18:39.115 16348 16348 V ActivityScenario: Activity lifecycle changed event received but ignored because the intent does not match. startActivityIntent=Intent { act=android.intent.action.MAIN cat=[android.intent.category.LAUNCHER] flg=0x10008000 cmp=com.example.android.testing.espresso.BasicSample/.MainActivity }, activity.getIntent()=Intent { cmp=com.example.android.testing.espresso.BasicSample/.ShowTextActivity (has extras) }, activity=com.example.android.testing.espresso.BasicSample.ShowTextActivity@6e81f58
08-02 16:18:39.116   705   856 W Parcel  : Expecting binder but got null!
08-02 16:18:39.126  1556  2268 I AssistantForeground: (REDACTED) Get launcher package: %s
08-02 16:18:39.126   705   856 E OpenGLRenderer: Unable to match the desired swap behavior.
08-02 16:18:39.130 16393 16415 W Parcel  : Expecting binder but got null!
08-02 16:18:39.139 16348 16348 D LifecycleMonitor: Lifecycle status change: com.example.android.testing.espresso.BasicSample.MainActivity@f44fd76 in: DESTROYED
08-02 16:18:39.139 16348 16348 V ActivityScenario: Update currentActivityStage to DESTROYED, currentActivity=null
08-02 16:18:39.142   501  3235 W InputManager-JNI: Input channel object '48e4119 com.example.android.testing.espresso.BasicSample/com.example.android.testing.espresso.BasicSample.MainActivity (client)' was disposed without first being removed with the input manager!
08-02 16:18:39.143 16348 16369 I TestRunner: finished: testOpenActivityWithAbcdef(com.example.android.testing.espresso.BasicSample.ChangeTextBehaviorKtTest)
