08-02 16:18:32.160 16348 16369 I TestRunner: started: testChangeTextWithEmpty(com.example.android.testing.espresso.BasicSample.ChangeTextBehaviorKtTest)
08-02 16:18:32.165 16348 16369 W Settings: Setting always_finish_activities has moved from android.provider.Settings.System to android.provider.Settings.Global, returning read-only value.
08-02 16:18:32.177 16348 16348 D LifecycleMonitor: Lifecycle status change: com.example.android.testing.espresso.BasicSample.MainActivity@d2f6eb9 in: PRE_ON_CREATE
08-02 16:18:32.177 16348 16348 V ActivityScenario: Activity lifecycle changed event received but ignored because the reported transition was not ON_CREATE while the last known transition was PRE_ON_CREATE
08-02 16:18:32.178   501  1114 W InputManager-JNI: Input channel object '931773b com.example.android.testing.espresso.BasicSample.test/androidx.test.core.app.InstrumentationActivityInvoker$EmptyActivity (client)' was disposed without first being removed with the input manager!
08-02 16:18:32.189 16348 16348 D LifecycleMonitor: Lifecycle status change: com.example.android.testing.espresso.BasicSample.MainActivity@d2f6eb9 in: CREATED
08-02 16:18:32.189 16348 16348 V ActivityScenario: Update currentActivityStage to CREATED, currentActivity=com.example.android.testing.espresso.BasicSample.MainActivity@d2f6eb9
08-02 16:18:32.189 16348 16348 D LifecycleMonitor: Lifecycle status change: com.example.android.testing.espresso.BasicSample.MainActivity@d2f6eb9 in: STARTED
08-02 16:18:32.189 16348 16348 V ActivityScenario: Update currentActivityStage to STARTED, currentActivity=com.example.android.testing.espresso.BasicSample.MainActivity@d2f6eb9
08-02 16:18:32.190 16348 16348 D LifecycleMonitor: Lifecycle status change: com.example.android.testing.espresso.BasicSample.MainActivity@d2f6eb9 in: RESUMED
08-02 16:18:32.190 16348 16348 V ActivityScenario: Update currentActivityStage to RESUMED, currentActivity=com.example.android.testing.espresso.BasicSample.MainActivity@d2f6eb9
08-02 16:18:32.191 16348 16372 W Parcel  : Expecting binder but got null!
08-02 16:18:32.204   705   856 W Parcel  : Expecting binder but got null!
08-02 16:18:32.210 16348 16372 E OpenGLRenderer: Unable to match the desired swap behavior.
08-02 16:18:32.221   501   520 W ziparchive: Unable to open '/data/app/~~jKtaHMMEDkG0MmOuFCL7oQ==/com.example.android.testing.espresso.BasicSample-G9OuoD3ZTKE_fA64jhUOIA==/base.dm': No such file or directory
08-02 16:18:32.223   501   520 I ActivityTaskManager: Displayed com.example.android.testing.espresso.BasicSample/.MainActivity: +49ms
08-02 16:18:32.241   705   856 E OpenGLRenderer: Unable to match the desired swap behavior.
08-02 16:18:32.259  8098  8098 I GoogleInputMethodService: GoogleInputMethodService.onFinishInput():3227
08-02 16:18:32.259  8098  8098 I GoogleInputMethodService: GoogleInputMethodService.updateDeviceLockedStatus():2087 repeatCheckTimes = 0, unlocked = true
08-02 16:18:32.260  8098  8098 I GoogleInputMethodService: GoogleInputMethodService.onStartInput():1877 onStartInput(EditorInfo{inputType=0x0(NULL) imeOptions=0x0 privateImeOptions=null actionName=UNSPECIFIED actionLabel=null actionId=0 initialSelStart=-1 initialSelEnd=-1 initialCapsMode=0x0 hintText=null label=null packageName=com.example.android.testing.espresso.BasicSample fieldId=-1 fieldName=null extras=null}, false)
08-02 16:18:32.260  8098  8098 I GoogleInputMethodService: GoogleInputMethodService.shouldHideHeaderOnInitialState():4008 ShouldHideHeaderOnInitialState = false
08-02 16:18:32.260  8098  8098 I GoogleInputMethodService: GoogleInputMethodService.updateDeviceLockedStatus():2087 repeatCheckTimes = 2, unlocked = true
08-02 16:18:32.275  1556  1556 I GsaVoiceInteractionSrv: Handling ACTION_STOP_HOTWORD
08-02 16:18:32.275  1556  2156 I HwDetectorWithState: (REDACTED) a: %d
08-02 16:18:32.492  1556  2268 I AssistantForeground: (REDACTED) Get launcher package: %s
08-02 16:18:32.507   938  1720 D OneSearchSuggestProvider: Shut down the binder channel
08-02 16:18:32.510   938   993 I s.nexuslauncher: oneway function results for code 2 on binder at 0xb400007bb7f7b780 will be dropped but finished with status UNKNOWN_TRANSACTION
08-02 16:18:32.510 16348 16348 I ViewInteraction: Performing 'replace text()' action on view view.getId() is <2130903042/com.example.android.testing.espresso.BasicSample:id/editTextUserInput>
08-02 16:18:32.525 16348 16348 I ViewInteraction: Performing 'close keyboard' action on view view.getId() is <2130903042/com.example.android.testing.espresso.BasicSample:id/editTextUserInput>
08-02 16:18:32.526 16348 16348 D IdlingRegistry: Registering idling resources: [androidx.test.espresso.action.CloseKeyboardAction$CloseKeyboardIdlingResult@ca48928]
08-02 16:18:32.528 16348 16348 W CloseKeyboardAction: Attempting to close soft keyboard, while it is not shown.
08-02 16:18:32.528 16348 16348 D IdlingRegistry: Unregistering idling resources: [androidx.test.espresso.action.CloseKeyboardAction$CloseKeyboardIdlingResult@ca48928]
08-02 16:18:32.530 16348 16348 I ViewInteraction: Performing 'single click' action on view view.getId() is <2130903041/com.example.android.testing.espresso.BasicSample:id/changeTextBt>
08-02 16:18:32.590   501  2352 W InputManager-JNI: Input channel object '535f4c7 Splash Screen com.example.android.testing.espresso.BasicSample (client)' was disposed without first being removed with the input manager!
08-02 16:18:32.640   705   835 W FrameTracker: Missed App frame:UNKNOWN: 24, 260434, 0, CUJ=J<SPLASHSCREEN_EXIT_ANIM>
08-02 16:18:32.640   705   835 W FrameTracker: Missed SF frame:UNKNOWN: 24, 260434, 0, CUJ=J<SPLASHSCREEN_EXIT_ANIM>
08-02 16:18:32.640   705   835 W FrameTracker: Missing HWUI jank callback for vsyncId: 260434, CUJ=J<SPLASHSCREEN_EXIT_ANIM>
08-02 16:18:32.640   705   835 W FrameTracker: Missed SF frame:UNKNOWN: 80, 260456, 0, CUJ=J<SPLASHSCREEN_EXIT_ANIM>
08-02 16:18:32.640   705   835 W FrameTracker: Missing HWUI jank callback for vsyncId: 260456, CUJ=J<SPLASHSCREEN_EXIT_ANIM>
08-02 16:18:32.640   705   835 W FrameTracker: Missed SF frame:UNKNOWN: 80, 260485, 36842011, CUJ=J<SPLASHSCREEN_EXIT_ANIM>
08-02 16:18:32.640   705   835 W FrameTracker: Missed SF frame:UNKNOWN: 80, 260507, 37199429, CUJ=J<SPLASHSCREEN_EXIT_ANIM>
08-02 16:18:32.640   705   835 W FrameTracker: Missed SF frame:UNKNOWN: 80, 260529, 38380346, CUJ=J<SPLASHSCREEN_EXIT_ANIM>
08-02 16:18:32.640   705   835 W FrameTracker: Missed SF frame:UNKNOWN: 80, 260544, 39177305, CUJ=J<SPLASHSCREEN_EXIT_ANIM>
08-02 16:18:32.640   705   835 W FrameTracker: Missed SF frame:UNKNOWN: 80, 260573, 36954264, CUJ=J<SPLASHSCREEN_EXIT_ANIM>
08-02 16:18:32.640   705   835 W FrameTracker: Missed SF frame:UNKNOWN: 80, 260602, 0, CUJ=J<SPLASHSCREEN_EXIT_ANIM>
08-02 16:18:32.640   705   835 W FrameTracker: Missing HWUI jank callback for vsyncId: 260602, CUJ=J<SPLASHSCREEN_EXIT_ANIM>
08-02 16:18:32.640   705   835 W FrameTracker: Missed SF frame:UNKNOWN: 80, 260659, 37222349, CUJ=J<SPLASHSCREEN_EXIT_ANIM>
08-02 16:18:32.819 16348 16348 I ViewInteraction: Checking 'MatchesViewAssertion{viewMatcher=an instance of android.widget.TextView and view.getText() with or without transformation to match: is ""}' assertion on view view.getId() is <2130903044/com.example.android.testing.espresso.BasicSample:id/textToBeChanged>
08-02 16:18:32.826 16348 16348 D LifecycleMonitor: Lifecycle status change: com.example.android.testing.espresso.BasicSample.MainActivity@d2f6eb9 in: PAUSED
08-02 16:18:32.826 16348 16348 V ActivityScenario: Update currentActivityStage to PAUSED, currentActivity=com.example.android.testing.espresso.BasicSample.MainActivity@d2f6eb9
08-02 16:18:32.833 16393 16415 W Parcel  : Expecting binder but got null!
08-02 16:18:32.838  1556  2268 I AssistantForeground: (REDACTED) Get launcher package: %s
08-02 16:18:32.842 16393 16415 E OpenGLRenderer: Unable to match the desired swap behavior.
08-02 16:18:32.851   501   520 W ziparchive: Unable to open '/data/app/~~8F5mwcHuOm9G1L8uRD7X4A==/com.example.android.testing.espresso.BasicSample.test-kAe0PRHwq9D0F8z61QVrMQ==/base.dm': No such file or directory
08-02 16:18:32.852   501   520 I ActivityTaskManager: Displayed com.example.android.testing.espresso.BasicSample.test/androidx.test.core.app.InstrumentationActivityInvoker$EmptyActivity: +26ms
08-02 16:18:32.854   705   856 W Parcel  : Expecting binder but got null!
08-02 16:18:32.864   501  1584 W AppSearchIcing: icing-search-engine.cc:217: Error: 5, Message: Document (com.google.android.googlequicksearchbox$OneSearchZeroStateGoogleSuggestions/default, zp) not found.
08-02 16:18:32.864   938  1720 E OneSearchSuggestProvider: Failed to fetch suggestions from AppSearch, fallback to AGA
08-02 16:18:32.864   938  1720 E OneSearchSuggestProvider: java.util.concurrent.CompletionException: java.util.NoSuchElementException: No value present
08-02 16:18:32.864   938  1720 E OneSearchSuggestProvider: 	at java.util.concurrent.CompletableFuture.encodeThrowable(CompletableFuture.java:307)
08-02 16:18:32.864   938  1720 E OneSearchSuggestProvider: 	at java.util.concurrent.CompletableFuture.completeThrowable(CompletableFuture.java:322)
08-02 16:18:32.864   938  1720 E OneSearchSuggestProvider: 	at java.util.concurrent.CompletableFuture$UniAccept.tryFire(CompletableFuture.java:680)
08-02 16:18:32.864   938  1720 E OneSearchSuggestProvider: 	at java.util.concurrent.CompletableFuture.postComplete(CompletableFuture.java:482)
08-02 16:18:32.864   938  1720 E OneSearchSuggestProvider: 	at java.util.concurrent.CompletableFuture.completeExceptionally(CompletableFuture.java:2064)
08-02 16:18:32.864   938  1720 E OneSearchSuggestProvider: 	at com.google.android.apps.nexuslauncher.allapps.J.onResult(Unknown Source:59)
08-02 16:18:32.864   938  1720 E OneSearchSuggestProvider: 	at android.app.appsearch.SearchSessionUtil$1.lambda$onResult$0(SearchSessionUtil.java:128)
08-02 16:18:32.864   938  1720 E OneSearchSuggestProvider: 	at android.app.appsearch.SearchSessionUtil$1.$r8$lambda$_nlk9WiPjSfaAsqKYmp0aPvSRC0(Unknown Source:0)
08-02 16:18:32.864   938  1720 E OneSearchSuggestProvider: 	at android.app.appsearch.AppSearchSession$4$$ExternalSyntheticLambda1.run(Unknown Source:26)
08-02 16:18:32.864   938  1720 E OneSearchSuggestProvider: 	at android.os.Handler.handleCallback(Handler.java:942)
08-02 16:18:32.864   938  1720 E OneSearchSuggestProvider: 	at android.os.Handler.dispatchMessage(Handler.java:99)
08-02 16:18:32.864   938  1720 E OneSearchSuggestProvider: 	at android.os.Looper.loopOnce(Looper.java:201)
08-02 16:18:32.864   938  1720 E OneSearchSuggestProvider: 	at android.os.Looper.loop(Looper.java:288)
08-02 16:18:32.864   938  1720 E OneSearchSuggestProvider: 	at android.os.HandlerThread.run(HandlerThread.java:67)
08-02 16:18:32.864   938  1720 E OneSearchSuggestProvider: Caused by: java.util.NoSuchElementException: No value present
08-02 16:18:32.864   938  1720 E OneSearchSuggestProvider: 	at java.util.Optional.get(Optional.java:144)
08-02 16:18:32.864   938  1720 E OneSearchSuggestProvider: 	at com.google.android.apps.nexuslauncher.allapps.J.onResult(Unknown Source:16)
08-02 16:18:32.864   938  1720 E OneSearchSuggestProvider: 	... 8 more
08-02 16:18:32.865   938  1720 D OneSearchSuggestProvider: Created the binder channel successfully for end point service =com.google.android.apps.search.googleapp.search.suggest.plugins.onesearch.server.OneSearchSuggestService , mChannel=O0{delegate=J0{logId=309, target=directaddress:///AndroidComponentAddress%5BIntent%20%7B%20act=grpc.io.action.BIND%20cmp=com.google.android.googlequicksearchbox/com.google.android.apps.search.googleapp.search.suggest.plugins.onesearch.server.OneSearchSuggestService%20%7D%5D}} , mOneSearchConnection=y1.J@fb2f366
08-02 16:18:32.866   938  1034 D QuickstepModelDelegate: notifyAppTargetEvent action=1 launchLocation=
08-02 16:18:32.867  1556  2252 I AssistantForeground: (REDACTED) Get launcher package: %s
08-02 16:18:32.881   938  1646 E OpenGLRenderer: Unable to match the desired swap behavior.
08-02 16:18:32.881  7989  8043 E OpenGLRenderer: Unable to match the desired swap behavior.
08-02 16:18:32.883   938   964 W System  : A resource failed to call release.
08-02 16:18:32.884   938   964 W System  : A resource failed to call release.
08-02 16:18:32.884   938   964 W System  : A resource failed to call release.
08-02 16:18:32.884   938   964 W System  : A resource failed to call release.
08-02 16:18:32.884   938   964 W System  : A resource failed to call release.
08-02 16:18:32.884   938   964 W System  : A resource failed to call release.
08-02 16:18:32.889  1531  1806 I AiAiEcho: Predicting[0]:
08-02 16:18:32.889  1531  1806 I AiAiEcho: Ranked targets strategy: SORT, count: 0, ranking metadata:
08-02 16:18:32.889  1531  1806 I AiAiEcho: #postPredictionTargets: Sending updates to UISurface lockscreen with targets# 0
08-02 16:18:32.890  1531  1806 I AiAiEcho: #postPredictionTargets: Sending updates to UISurface home with targets# 0
08-02 16:18:32.890  1531  1806 I AiAiEcho: #postPredictionTargets: Sending updates to UISurface media_data_manager with targets# 0
08-02 16:18:32.890  1556  1556 I GsaVoiceInteractionSrv: Handling ACTION_START_HOTWORD
08-02 16:18:32.890  1556  2217 I GsaVoiceInteractionSrv: (REDACTED) disregardVoiceMatch: %b
08-02 16:18:32.890  1556  2217 I GsaVoiceInteractionSrv: Cannot start hotword, hotword has been explicitly disabled.
08-02 16:18:32.892   705   705 D SsMediaDataProvider: Forwarding Smartspace updates []
08-02 16:18:32.894  7989  7989 I A       : (REDACTED) Created gRPC endpoint for service %s
08-02 16:18:32.910   705   856 D EGL_emulation: app_time_stats: avg=68.71ms min=11.60ms max=522.20ms count=18
08-02 16:18:32.925  8098  8098 I GoogleInputMethodService: GoogleInputMethodService.onFinishInput():3227
08-02 16:18:32.925  8098  8098 I GoogleInputMethodService: GoogleInputMethodService.updateDeviceLockedStatus():2087 repeatCheckTimes = 0, unlocked = true
08-02 16:18:32.926  8098  8098 I GoogleInputMethodService: GoogleInputMethodService.onStartInput():1877 onStartInput(EditorInfo{inputType=0x0(NULL) imeOptions=0x0 privateImeOptions=null actionName=UNSPECIFIED actionLabel=null actionId=0 initialSelStart=-1 initialSelEnd=-1 initialCapsMode=0x0 hintText=null label=null packageName=com.google.android.apps.nexuslauncher fieldId=-1 fieldName=null extras=null}, false)
08-02 16:18:32.926  8098  8098 I GoogleInputMethodService: GoogleInputMethodService.shouldHideHeaderOnInitialState():4008 ShouldHideHeaderOnInitialState = false
08-02 16:18:32.926  8098  8098 I GoogleInputMethodService: GoogleInputMethodService.updateDeviceLockedStatus():2087 repeatCheckTimes = 2, unlocked = true
08-02 16:18:33.104   705   856 D EGL_emulation: app_time_stats: avg=5.16ms min=0.40ms max=46.91ms count=58
08-02 16:18:33.240 16348 16372 D EGL_emulation: app_time_stats: avg=19.24ms min=8.71ms max=155.64ms count=53
08-02 16:18:33.370 16348 16372 D OpenGLRenderer: endAllActiveAnimators on 0xb400007ca7f5deb0 (RippleDrawable) with handle 0xb400007bb7f89e50
08-02 16:18:33.377   501  2352 W InputManager-JNI: Input channel object '457d5a2 com.example.android.testing.espresso.BasicSample.test/androidx.test.core.app.InstrumentationActivityInvoker$EmptyActivity (client)' was disposed without first being removed with the input manager!
08-02 16:18:33.377 16348 16348 D LifecycleMonitor: Lifecycle status change: com.example.android.testing.espresso.BasicSample.MainActivity@d2f6eb9 in: STOPPED
08-02 16:18:33.377 16348 16348 V ActivityScenario: Update currentActivityStage to STOPPED, currentActivity=com.example.android.testing.espresso.BasicSample.MainActivity@d2f6eb9
08-02 16:18:33.377 16348 16348 D LifecycleMonitor: Lifecycle status change: com.example.android.testing.espresso.BasicSample.MainActivity@d2f6eb9 in: DESTROYED
08-02 16:18:33.377 16348 16348 V ActivityScenario: Update currentActivityStage to DESTROYED, currentActivity=null
08-02 16:18:33.377 16348 16369 I TestRunner: finished: testChangeTextWithEmpty(com.example.android.testing.espresso.BasicSample.ChangeTextBehaviorKtTest)
