08-02 16:18:33.379 16348 16369 I TestRunner: started: testOpenActivityWithEmpty(com.example.android.testing.espresso.BasicSample.ChangeTextBehaviorKtTest)
08-02 16:18:33.380   501  2085 W InputManager-JNI: Input channel object '52b2da9 com.example.android.testing.espresso.BasicSample/com.example.android.testing.espresso.BasicSample.MainActivity (client)' was disposed without first being removed with the input manager!
08-02 16:18:33.381 16348 16369 W Settings: Setting always_finish_activities has moved from android.provider.Settings.System to android.provider.Settings.Global, returning read-only value.
08-02 16:18:33.393 16348 16348 D LifecycleMonitor: Lifecycle status change: com.example.android.testing.espresso.BasicSample.MainActivity@c39e735 in: PRE_ON_CREATE
08-02 16:18:33.393 16348 16348 V ActivityScenario: Activity lifecycle changed event received but ignored because the reported transition was not ON_CREATE while the last known transition was PRE_ON_CREATE
08-02 16:18:33.399 16348 16348 D LifecycleMonitor: Lifecycle status change: com.example.android.testing.espresso.BasicSample.MainActivity@c39e735 in: CREATED
08-02 16:18:33.400 16348 16348 V ActivityScenario: Update currentActivityStage to CREATED, currentActivity=com.example.android.testing.espresso.BasicSample.MainActivity@c39e735
08-02 16:18:33.400 16348 16348 D LifecycleMonitor: Lifecycle status change: com.example.android.testing.espresso.BasicSample.MainActivity@c39e735 in: STARTED
08-02 16:18:33.401 16348 16348 V ActivityScenario: Update currentActivityStage to STARTED, currentActivity=com.example.android.testing.espresso.BasicSample.MainActivity@c39e735
08-02 16:18:33.402 16348 16348 D LifecycleMonitor: Lifecycle status change: com.example.android.testing.espresso.BasicSample.MainActivity@c39e735 in: RESUMED
08-02 16:18:33.402 16348 16348 V ActivityScenario: Update currentActivityStage to RESUMED, currentActivity=com.example.android.testing.espresso.BasicSample.MainActivity@c39e735
08-02 16:18:33.405 16348 16372 W Parcel  : Expecting binder but got null!
08-02 16:18:33.423   705   856 W Parcel  : Expecting binder but got null!
08-02 16:18:33.426 16348 16372 E OpenGLRenderer: Unable to match the desired swap behavior.
08-02 16:18:33.433   501   520 W ziparchive: Unable to open '/data/app/~~jKtaHMMEDkG0MmOuFCL7oQ==/com.example.android.testing.espresso.BasicSample-G9OuoD3ZTKE_fA64jhUOIA==/base.dm': No such file or directory
08-02 16:18:33.433   501   520 I ActivityTaskManager: Displayed com.example.android.testing.espresso.BasicSample/.MainActivity: +47ms
08-02 16:18:33.456  8098  8098 I GoogleInputMethodService: GoogleInputMethodService.onFinishInput():3227
08-02 16:18:33.456  8098  8098 I GoogleInputMethodService: GoogleInputMethodService.updateDeviceLockedStatus():2087 repeatCheckTimes = 0, unlocked = true
08-02 16:18:33.456  8098  8098 I GoogleInputMethodService: GoogleInputMethodService.onStartInput():1877 onStartInput(EditorInfo{inputType=0x0(NULL) imeOptions=0x0 privateImeOptions=null actionName=UNSPECIFIED actionLabel=null actionId=0 initialSelStart=-1 initialSelEnd=-1 initialCapsMode=0x0 hintText=null label=null packageName=com.example.android.testing.espresso.BasicSample fieldId=-1 fieldName=null extras=null}, false)
08-02 16:18:33.456  8098  8098 I GoogleInputMethodService: GoogleInputMethodService.shouldHideHeaderOnInitialState():4008 ShouldHideHeaderOnInitialState = false
08-02 16:18:33.457  8098  8098 I GoogleInputMethodService: GoogleInputMethodService.updateDeviceLockedStatus():2087 repeatCheckTimes = 2, unlocked = true
08-02 16:18:33.483   705   856 E OpenGLRenderer: Unable to match the desired swap behavior.
08-02 16:18:33.495   501   512 W System  : A resource failed to call release.
08-02 16:18:33.495   501   512 W System  : A resource failed to call release.
08-02 16:18:33.495   501   512 W System  : A resource failed to call HardwareBuffer.close.
08-02 16:18:33.497  1556  1556 I GsaVoiceInteractionSrv: Handling ACTION_STOP_HOTWORD
08-02 16:18:33.497  1556  2156 I HwDetectorWithState: (REDACTED) a: %d
08-02 16:18:33.498   501   512 W System  : A resource failed to call release.
08-02 16:18:33.498   501   512 W System  : A resource failed to call HardwareBuffer.close.
08-02 16:18:33.498   501   512 W System  : A resource failed to call HardwareBuffer.close.
08-02 16:18:33.499   501   512 W System  : A resource failed to call release.
08-02 16:18:33.499   501   512 W System  : A resource failed to call release.
08-02 16:18:33.499   501   512 W System  : A resource failed to call HardwareBuffer.close.
08-02 16:18:33.499   501   512 W System  : A resource failed to call HardwareBuffer.close.
08-02 16:18:33.499   501   512 W System  : A resource failed to call release.
08-02 16:18:33.500   501   512 W System  : A resource failed to call HardwareBuffer.close.
08-02 16:18:33.500   501   512 W System  : A resource failed to call HardwareBuffer.close.
08-02 16:18:33.504   501   512 W System  : A resource failed to call HardwareBuffer.close.
08-02 16:18:33.505   501   512 W System  : A resource failed to call release.
08-02 16:18:33.706  1556  2252 I AssistantForeground: (REDACTED) Get launcher package: %s
08-02 16:18:33.723 16348 16348 I ViewInteraction: Performing 'replace text()' action on view view.getId() is <2130903042/com.example.android.testing.espresso.BasicSample:id/editTextUserInput>
08-02 16:18:33.724   938  1720 D OneSearchSuggestProvider: Shut down the binder channel
08-02 16:18:33.724   938   985 I s.nexuslauncher: oneway function results for code 2 on binder at 0xb400007bb7f8feb0 will be dropped but finished with status UNKNOWN_TRANSACTION
08-02 16:18:33.737 16348 16348 I ViewInteraction: Performing 'close keyboard' action on view view.getId() is <2130903042/com.example.android.testing.espresso.BasicSample:id/editTextUserInput>
08-02 16:18:33.740 16348 16348 D IdlingRegistry: Registering idling resources: [androidx.test.espresso.action.CloseKeyboardAction$CloseKeyboardIdlingResult@100b094]
08-02 16:18:33.740 16348 16348 W CloseKeyboardAction: Attempting to close soft keyboard, while it is not shown.
08-02 16:18:33.740 16348 16348 D IdlingRegistry: Unregistering idling resources: [androidx.test.espresso.action.CloseKeyboardAction$CloseKeyboardIdlingResult@100b094]
08-02 16:18:33.742 16348 16348 I ViewInteraction: Performing 'single click' action on view view.getId() is <2130903040/com.example.android.testing.espresso.BasicSample:id/activityChangeTextBtn>
08-02 16:18:33.788   501  2352 W InputManager-JNI: Input channel object '35d3bc8 Splash Screen com.example.android.testing.espresso.BasicSample (client)' was disposed without first being removed with the input manager!
08-02 16:18:33.789 16348 16348 D LifecycleMonitor: Lifecycle status change: com.example.android.testing.espresso.BasicSample.MainActivity@c39e735 in: PAUSED
08-02 16:18:33.789 16348 16348 V ActivityScenario: Update currentActivityStage to PAUSED, currentActivity=com.example.android.testing.espresso.BasicSample.MainActivity@c39e735
08-02 16:18:33.806 16348 16348 D LifecycleMonitor: Lifecycle status change: com.example.android.testing.espresso.BasicSample.ShowTextActivity@34450f5 in: PRE_ON_CREATE
08-02 16:18:33.806 16348 16348 V ActivityScenario: Activity lifecycle changed event received but ignored because the intent does not match. startActivityIntent=Intent { act=android.intent.action.MAIN cat=[android.intent.category.LAUNCHER] flg=0x10008000 cmp=com.example.android.testing.espresso.BasicSample/.MainActivity }, activity.getIntent()=Intent { cmp=com.example.android.testing.espresso.BasicSample/.ShowTextActivity (has extras) }, activity=com.example.android.testing.espresso.BasicSample.ShowTextActivity@34450f5
08-02 16:18:33.808 16348 16348 D LifecycleMonitor: Lifecycle status change: com.example.android.testing.espresso.BasicSample.ShowTextActivity@34450f5 in: CREATED
08-02 16:18:33.808 16348 16348 V ActivityScenario: Activity lifecycle changed event received but ignored because the intent does not match. startActivityIntent=Intent { act=android.intent.action.MAIN cat=[android.intent.category.LAUNCHER] flg=0x10008000 cmp=com.example.android.testing.espresso.BasicSample/.MainActivity }, activity.getIntent()=Intent { cmp=com.example.android.testing.espresso.BasicSample/.ShowTextActivity (has extras) }, activity=com.example.android.testing.espresso.BasicSample.ShowTextActivity@34450f5
08-02 16:18:33.808 16348 16348 D LifecycleMonitor: Lifecycle status change: com.example.android.testing.espresso.BasicSample.ShowTextActivity@34450f5 in: STARTED
08-02 16:18:33.808 16348 16348 V ActivityScenario: Activity lifecycle changed event received but ignored because the intent does not match. startActivityIntent=Intent { act=android.intent.action.MAIN cat=[android.intent.category.LAUNCHER] flg=0x10008000 cmp=com.example.android.testing.espresso.BasicSample/.MainActivity }, activity.getIntent()=Intent { cmp=com.example.android.testing.espresso.BasicSample/.ShowTextActivity (has extras) }, activity=com.example.android.testing.espresso.BasicSample.ShowTextActivity@34450f5
08-02 16:18:33.809 16348 16348 D LifecycleMonitor: Lifecycle status change: com.example.android.testing.espresso.BasicSample.ShowTextActivity@34450f5 in: RESUMED
08-02 16:18:33.809 16348 16348 V ActivityScenario: Activity lifecycle changed event received but ignored because the intent does not match. startActivityIntent=Intent { act=android.intent.action.MAIN cat=[android.intent.category.LAUNCHER] flg=0x10008000 cmp=com.example.android.testing.espresso.BasicSample/.MainActivity }, activity.getIntent()=Intent { cmp=com.example.android.testing.espresso.BasicSample/.ShowTextActivity (has extras) }, activity=com.example.android.testing.espresso.BasicSample.ShowTextActivity@34450f5
08-02 16:18:33.810 16348 16372 W Parcel  : Expecting binder but got null!
08-02 16:18:33.826 16348 16372 E OpenGLRenderer: Unable to match the desired swap behavior.
08-02 16:18:33.832   501   520 I ActivityTaskManager: Displayed com.example.android.testing.espresso.BasicSample/.ShowTextActivity: +46ms
08-02 16:18:33.842   501  9165 W Parcel  : Expecting binder but got null!
08-02 16:18:33.845   501  9165 W Parcel  : Expecting binder but got null!
08-02 16:18:33.921  8098  8098 I GoogleInputMethodService: GoogleInputMethodService.onFinishInput():3227
08-02 16:18:33.921  8098  8098 I GoogleInputMethodService: GoogleInputMethodService.updateDeviceLockedStatus():2087 repeatCheckTimes = 0, unlocked = true
08-02 16:18:33.921  8098  8098 I GoogleInputMethodService: GoogleInputMethodService.onStartInput():1877 onStartInput(EditorInfo{inputType=0x0(NULL) imeOptions=0x0 privateImeOptions=null actionName=UNSPECIFIED actionLabel=null actionId=0 initialSelStart=-1 initialSelEnd=-1 initialCapsMode=0x0 hintText=null label=null packageName=com.example.android.testing.espresso.BasicSample fieldId=-1 fieldName=null extras=null}, false)
08-02 16:18:33.921  8098  8098 I GoogleInputMethodService: GoogleInputMethodService.shouldHideHeaderOnInitialState():4008 ShouldHideHeaderOnInitialState = false
08-02 16:18:33.921  8098  8098 I GoogleInputMethodService: GoogleInputMethodService.updateDeviceLockedStatus():2087 repeatCheckTimes = 2, unlocked = true
08-02 16:18:34.055 16348 16348 I ViewInteraction: Performing 'Wait for 500 milliseconds' action on view view.getRootView() to equal view
08-02 16:18:34.125   705   856 D EGL_emulation: app_time_stats: avg=5.84ms min=0.49ms max=45.08ms count=57
08-02 16:18:34.321 16348 16372 D OpenGLRenderer: endAllActiveAnimators on 0xb400007ca7f6c670 (RippleDrawable) with handle 0xb400007bb7f8d930
08-02 16:18:34.325 16348 16348 D LifecycleMonitor: Lifecycle status change: com.example.android.testing.espresso.BasicSample.MainActivity@c39e735 in: STOPPED
08-02 16:18:34.325 16348 16348 V ActivityScenario: Update currentActivityStage to STOPPED, currentActivity=com.example.android.testing.espresso.BasicSample.MainActivity@c39e735
08-02 16:18:34.559 16348 16348 I ViewInteraction: Checking 'MatchesViewAssertion{viewMatcher=an instance of android.widget.TextView and view.getText() with or without transformation to match: is ""}' assertion on view view.getId() is <2130903043/com.example.android.testing.espresso.BasicSample:id/show_text_view>
08-02 16:18:34.566 16348 16348 D LifecycleMonitor: Lifecycle status change: com.example.android.testing.espresso.BasicSample.ShowTextActivity@34450f5 in: PAUSED
08-02 16:18:34.566 16348 16348 V ActivityScenario: Activity lifecycle changed event received but ignored because the intent does not match. startActivityIntent=Intent { act=android.intent.action.MAIN cat=[android.intent.category.LAUNCHER] flg=0x10008000 cmp=com.example.android.testing.espresso.BasicSample/.MainActivity }, activity.getIntent()=Intent { cmp=com.example.android.testing.espresso.BasicSample/.ShowTextActivity (has extras) }, activity=com.example.android.testing.espresso.BasicSample.ShowTextActivity@34450f5
08-02 16:18:34.566   705   856 W Parcel  : Expecting binder but got null!
08-02 16:18:34.576   705   856 E OpenGLRenderer: Unable to match the desired swap behavior.
08-02 16:18:34.582 16393 16415 W Parcel  : Expecting binder but got null!
08-02 16:18:34.582  1556  2268 I AssistantForeground: (REDACTED) Get launcher package: %s
08-02 16:18:34.592 16348 16348 D LifecycleMonitor: Lifecycle status change: com.example.android.testing.espresso.BasicSample.MainActivity@c39e735 in: DESTROYED
08-02 16:18:34.592 16348 16348 V ActivityScenario: Update currentActivityStage to DESTROYED, currentActivity=null
08-02 16:18:34.595   501  4851 W InputManager-JNI: Input channel object 'b5346b0 com.example.android.testing.espresso.BasicSample/com.example.android.testing.espresso.BasicSample.MainActivity (client)' was disposed without first being removed with the input manager!
08-02 16:18:34.596 16348 16369 I TestRunner: finished: testOpenActivityWithEmpty(com.example.android.testing.espresso.BasicSample.ChangeTextBehaviorKtTest)
