08-02 16:18:30.310 16348 16369 I TestRunner: started: testChangeTextWith123(com.example.android.testing.espresso.BasicSample.ChangeTextBehaviorKtTest)
08-02 16:18:30.312 16348 16369 W Settings: Setting always_finish_activities has moved from android.provider.Settings.System to android.provider.Settings.Global, returning read-only value.
08-02 16:18:30.317   705   856 W Parcel  : Expecting binder but got null!
08-02 16:18:30.327 16348 16348 D LifecycleMonitor: Lifecycle status change: com.example.android.testing.espresso.BasicSample.MainActivity@2af8e90 in: PRE_ON_CREATE
08-02 16:18:30.327 16348 16348 V ActivityScenario: Activity lifecycle changed event received but ignored because the reported transition was not ON_CREATE while the last known transition was PRE_ON_CREATE
08-02 16:18:30.330   705   856 E OpenGLRenderer: Unable to match the desired swap behavior.
08-02 16:18:30.338 16348 16348 D LifecycleMonitor: Lifecycle status change: com.example.android.testing.espresso.BasicSample.MainActivity@2af8e90 in: CREATED
08-02 16:18:30.338 16348 16348 V ActivityScenario: Update currentActivityStage to CREATED, currentActivity=com.example.android.testing.espresso.BasicSample.MainActivity@2af8e90
08-02 16:18:30.338 16348 16348 D LifecycleMonitor: Lifecycle status change: com.example.android.testing.espresso.BasicSample.MainActivity@2af8e90 in: STARTED
08-02 16:18:30.339 16348 16348 V ActivityScenario: Update currentActivityStage to STARTED, currentActivity=com.example.android.testing.espresso.BasicSample.MainActivity@2af8e90
08-02 16:18:30.340 16348 16348 D LifecycleMonitor: Lifecycle status change: com.example.android.testing.espresso.BasicSample.MainActivity@2af8e90 in: RESUMED
08-02 16:18:30.340 16348 16348 V ActivityScenario: Update currentActivityStage to RESUMED, currentActivity=com.example.android.testing.espresso.BasicSample.MainActivity@2af8e90
08-02 16:18:30.341 16348 16372 W Parcel  : Expecting binder but got null!
08-02 16:18:30.359 16348 16372 E OpenGLRenderer: Unable to match the desired swap behavior.
08-02 16:18:30.365   501   520 W ziparchive: Unable to open '/data/app/~~jKtaHMMEDkG0MmOuFCL7oQ==/com.example.android.testing.espresso.BasicSample-G9OuoD3ZTKE_fA64jhUOIA==/base.dm': No such file or directory
08-02 16:18:30.366   501   520 I ActivityTaskManager: Displayed com.example.android.testing.espresso.BasicSample/.MainActivity: +51ms
08-02 16:18:30.378  8098  8098 I GoogleInputMethodService: GoogleInputMethodService.onFinishInput():3227
08-02 16:18:30.378  8098  8098 I GoogleInputMethodService: GoogleInputMethodService.updateDeviceLockedStatus():2087 repeatCheckTimes = 0, unlocked = true
08-02 16:18:30.378  8098  8098 I GoogleInputMethodService: GoogleInputMethodService.onStartInput():1877 onStartInput(EditorInfo{inputType=0x0(NULL) imeOptions=0x0 privateImeOptions=null actionName=UNSPECIFIED actionLabel=null actionId=0 initialSelStart=-1 initialSelEnd=-1 initialCapsMode=0x0 hintText=null label=null packageName=com.example.android.testing.espresso.BasicSample fieldId=-1 fieldName=null extras=null}, false)
08-02 16:18:30.378  8098  8098 I GoogleInputMethodService: GoogleInputMethodService.shouldHideHeaderOnInitialState():4008 ShouldHideHeaderOnInitialState = false
08-02 16:18:30.379  8098  8098 I GoogleInputMethodService: GoogleInputMethodService.updateDeviceLockedStatus():2087 repeatCheckTimes = 2, unlocked = true
08-02 16:18:30.398 16348 16356 I sso.BasicSample: Compiler allocated 4413KB to compile void android.view.ViewRootImpl.performTraversals()
08-02 16:18:30.422  1556  1556 I GsaVoiceInteractionSrv: Handling ACTION_STOP_HOTWORD
08-02 16:18:30.422  1556  2156 I HwDetectorWithState: (REDACTED) a: %d
08-02 16:18:30.428   501  2099 W InputManager-JNI: Input channel object '45c8a78 com.example.android.testing.espresso.BasicSample.test/androidx.test.core.app.InstrumentationActivityInvoker$EmptyActivity (client)' was disposed without first being removed with the input manager!
08-02 16:18:30.623  1556  2268 I AssistantForeground: (REDACTED) Get launcher package: %s
08-02 16:18:30.639 16348 16348 I ViewInteraction: Performing 'type text(123)' action on view view.getId() is <2130903042/com.example.android.testing.espresso.BasicSample:id/editTextUserInput>
08-02 16:18:30.641   938  1720 D OneSearchSuggestProvider: Shut down the binder channel
08-02 16:18:30.643   938  7611 I s.nexuslauncher: oneway function results for code 2 on binder at 0xb400007bb7f78c30 will be dropped but finished with status UNKNOWN_TRANSACTION
08-02 16:18:30.645   501  1114 W InputManager-JNI: Input channel object '580f408 Splash Screen com.example.android.testing.espresso.BasicSample (client)' was disposed without first being removed with the input manager!
08-02 16:18:30.683  8098  8098 I GoogleInputMethodService: GoogleInputMethodService.onFinishInput():3227
08-02 16:18:30.683 16348 16348 D InputMethodManager: showSoftInput() view=android.widget.EditText{a66207f VFED..CL. .F.P..ID 44,302-1036,426 #7f030002 app:id/editTextUserInput aid=1073741824} flags=0 reason=SHOW_SOFT_INPUT
08-02 16:18:30.683  8098  8098 I GoogleInputMethodService: GoogleInputMethodService.updateDeviceLockedStatus():2087 repeatCheckTimes = 0, unlocked = true
08-02 16:18:30.686 16348 16348 I AssistStructure: Flattened final assist data: 1536 bytes, containing 1 windows, 6 views
08-02 16:18:30.687  8098  8098 I GoogleInputMethodService: GoogleInputMethodService.onStartInput():1877 onStartInput(EditorInfo{inputType=0x20001(Normal) imeOptions=0x40000006 privateImeOptions=null actionName=DONE actionLabel=null actionId=0 initialSelStart=0 initialSelEnd=0 initialCapsMode=0x0 hintText=non-empty label=null packageName=com.example.android.testing.espresso.BasicSample fieldId=2130903042 fieldName=null extras=null}, false)
08-02 16:18:30.687  8098  8098 I GoogleInputMethodService: GoogleInputMethodService.shouldHideHeaderOnInitialState():4008 ShouldHideHeaderOnInitialState = false
08-02 16:18:30.688  8098  8098 I GoogleInputMethodService: GoogleInputMethodService.updateDeviceLockedStatus():2087 repeatCheckTimes = 2, unlocked = true
08-02 16:18:30.688  8098  8098 I DeviceModeUtil: DeviceModeUtil.getDeviceMode():122 Get device mode phone by ui mode:1 and smallestScreenWidthDp:393
08-02 16:18:30.688  8098  8098 I GoogleInputMethodService: GoogleInputMethodService.onStartInputView():1995 onStartInputView(EditorInfo{inputType=0x20001(Normal) imeOptions=0x40000006 privateImeOptions=null actionName=DONE actionLabel=null actionId=0 initialSelStart=0 initialSelEnd=0 initialCapsMode=0x0 hintText=non-empty label=null packageName=com.example.android.testing.espresso.BasicSample fieldId=2130903042 fieldName=null extras=null}, false)
08-02 16:18:30.689  8098  8098 I GoogleInputMethodService: GoogleInputMethodService.updateDeviceLockedStatus():2087 repeatCheckTimes = 2, unlocked = true
08-02 16:18:30.689  8098  8098 W ModuleManager: ModuleManager.loadModule():450 Module erj is not available
08-02 16:18:30.689  8098  8149 I DeviceModeUtil: DeviceModeUtil.getDeviceMode():122 Get device mode phone by ui mode:1 and smallestScreenWidthDp:393
08-02 16:18:30.689  8098  8098 I KeyboardViewUtil: KeyboardViewUtil.getKeyboardHeightRatio():189 systemKeyboardHeightRatio:1.000000; userKeyboardHeightRatio:1.000000.
08-02 16:18:30.689  8098  8098 I AndroidIME: AbstractIme.onActivate():86 LatinIme.onActivate() : EditorInfo = inputType=0x20001(Normal) imeOptions=0x40000006 privateImeOptions=null actionName=DONE actionLabel=null actionId=0 initialSelStart=0 initialSelEnd=0 initialCapsMode=0x0 hintText=non-empty label=null packageName=com.example.android.testing.espresso.BasicSample fieldId=2130903042 fieldName=null extras=null, IncognitoMode = false, DeviceLocked = false
08-02 16:18:30.689  8098  8098 I Delight5Facilitator: Delight5Facilitator.initializeForIme():777 initializeForIme() : Locale = [en_US], layout = qwerty
08-02 16:18:30.690  8098  8098 I VoiceInputManagerWrapper: VoiceInputManagerWrapper.cancelShutdown():55 cancelShutdown()
08-02 16:18:30.690  8098  8098 I VoiceInputManagerWrapper: VoiceInputManagerWrapper.syncLanguagePacks():67 syncLanguagePacks()
08-02 16:18:30.690  8098  8098 I LatinIme: LatinIme.updateEnableInlineSuggestionsOnDecoderSideFlags():1003 inline flag updated to:false
08-02 16:18:30.690  8098  9093 I SpeechFactory: SpeechRecognitionFactory.maybeScheduleAutoPackDownloadForFallback():205 maybeScheduleAutoPackDownloadForFallback()
08-02 16:18:30.690  8098  9093 I FallbackOnDeviceRecognitionProvider: FallbackOnDeviceRecognitionProvider.maybeScheduleAutoPackDownload():195 maybeScheduleAutoPackDownload() for language tag en-US
08-02 16:18:30.691  8098  8098 I KeyboardWrapper: KeyboardWrapper.consumeEvent():275 Skip consuming an event as current keyboard is deactivated (state=0, keyboard existence=true)
08-02 16:18:30.693  8098  8098 I KeyboardViewUtil: KeyboardViewUtil.calculateMaxKeyboardBodyHeight():40 leave 344 height for app when screen height:2148, header height:121 and isFullscreenMode:false, so the max keyboard body height is:1683
08-02 16:18:30.693  8098  8098 I DeviceModeUtil: DeviceModeUtil.getDeviceMode():122 Get device mode phone by ui mode:1 and smallestScreenWidthDp:393
08-02 16:18:30.693  8098  8098 I GoogleInputMethodService: GoogleInputMethodService.setKeyboardViewShown():3483 setKeyboardViewShown() : type = HEADER, shownType = SHOW_OPTIONAL
08-02 16:18:30.693  8098  8098 I GoogleInputMethodService: GoogleInputMethodService.setKeyboardViewShown():3530 setKeyboardViewShown() : shouldShow = true
08-02 16:18:30.693  8098  8098 I GoogleInputMethodService: GoogleInputMethodService.setKeyboardViewShown():3483 setKeyboardViewShown() : type = BODY, shownType = SHOW_MANDATORY
08-02 16:18:30.693  8098  8098 I GoogleInputMethodService: GoogleInputMethodService.setKeyboardViewShown():3530 setKeyboardViewShown() : shouldShow = true
08-02 16:18:30.693  8098  8098 I GoogleInputMethodService: GoogleInputMethodService.setKeyboardViewShown():3483 setKeyboardViewShown() : type = FLOATING_CANDIDATES, shownType = HIDE
08-02 16:18:30.693  8098  8098 I GoogleInputMethodService: GoogleInputMethodService.setKeyboardViewShown():3530 setKeyboardViewShown() : shouldShow = false
08-02 16:18:30.694  8098  8098 I KeyboardViewUtil: KeyboardViewUtil.calculateMaxKeyboardBodyHeight():40 leave 344 height for app when screen height:2148, header height:121 and isFullscreenMode:false, so the max keyboard body height is:1683
08-02 16:18:30.694  8098  8098 I DeviceModeUtil: DeviceModeUtil.getDeviceMode():122 Get device mode phone by ui mode:1 and smallestScreenWidthDp:393
08-02 16:18:30.694  8098  8098 I DeviceModeUtil: DeviceModeUtil.getDeviceMode():122 Get device mode phone by ui mode:1 and smallestScreenWidthDp:393
08-02 16:18:30.694  8098  8098 I DeviceModeUtil: DeviceModeUtil.getDeviceMode():122 Get device mode phone by ui mode:1 and smallestScreenWidthDp:393
08-02 16:18:30.694  8098  8098 I KeyboardModeManager: KeyboardModeManager.setInputView():364 setInputView() : supportsOneHandedMode=true
08-02 16:18:30.694   705   835 W FrameTracker: Missing HWUI jank callback for vsyncId: 257158, CUJ=J<SPLASHSCREEN_EXIT_ANIM>
08-02 16:18:30.694   705   835 W FrameTracker: Missing HWUI jank callback for vsyncId: 257272, CUJ=J<SPLASHSCREEN_EXIT_ANIM>
08-02 16:18:30.694   705   835 W FrameTracker: Missing HWUI jank callback for vsyncId: 257409, CUJ=J<SPLASHSCREEN_EXIT_ANIM>
08-02 16:18:30.694   705   835 W FrameTracker: Missing HWUI jank callback for vsyncId: 257497, CUJ=J<SPLASHSCREEN_EXIT_ANIM>
08-02 16:18:30.694  8098  8098 I NormalModeController: NormalModeController.getKeyboardBodyViewHolderPaddingBottom():116 currentPrimeKeyboardType:SOFT systemPaddingBottom:-1
08-02 16:18:30.694   705   835 W FrameTracker: Missing SF jank callback for vsyncId: 257541, CUJ=J<SPLASHSCREEN_EXIT_ANIM>
08-02 16:18:30.695  8098  8098 I NormalModeController: NormalModeController.getKeyboardBodyViewHolderPaddingBottom():116 currentPrimeKeyboardType:SOFT systemPaddingBottom:-1
08-02 16:18:30.695  8098  8098 I KeyboardModeManager: KeyboardModeManager.setInputView():356 setInputView() : entry=hwn{languageTag=en-US, variant=qwerty, hasLocalizedResources=true, conditionCacheKey=_device=phone_device_size=default_enable_adaptive_text_editing=true_enable_inline_suggestions_on_client_side=false_enable_large_tablet_batch_1=false_enable_large_tablet_batch_2=false_enable_more_candidates_view_for_multilingual=false_enable_nav_redesign=false_enable_number_row=false_enable_preemptive_decode=true_enable_secondary_symbols=false_expressions=normal_four_or_more_letter_rows=false_keyboard_mode=normal_language=en-US_orientation=portrait_physical_keyboard=qwerty_show_secondary_digits=true_show_suggestions=true_split_with_duplicate_keys=true_variant=qwerty, imeDef.stringId=ime_english_united_states, imeDef.className=com.google.android.apps.inputmethod.libs.latin5.LatinIme, imeDef.languageTag=en-US}
08-02 16:18:30.696  8098  8098 I VoiceImeExtension: VoiceImeExtension.shouldStartVoiceInputAutomatically():383 No private IME option set to start voice input.
08-02 16:18:30.697   949   949 V InlineSuggestionRenderService: handleDestroySuggestionViews called for 0:469318522
08-02 16:18:30.697  7560  8425 I .gms.persistent: oneway function results for code 1 on binder at 0xb400007bb7f834f0 will be dropped but finished with status UNKNOWN_TRANSACTION and reply parcel size 80
08-02 16:18:30.707  8098  8185 E OpenGLRenderer: Unable to match the desired swap behavior.
08-02 16:18:30.713  8098  8098 I DeviceModeUtil: DeviceModeUtil.getDeviceMode():122 Get device mode phone by ui mode:1 and smallestScreenWidthDp:393
08-02 16:18:30.713  8098  8098 I DeviceModeUtil: DeviceModeUtil.getDeviceMode():122 Get device mode phone by ui mode:1 and smallestScreenWidthDp:393
08-02 16:18:30.713 16348 16348 D InsetsController: show(ime(), fromIme=true)
08-02 16:18:30.713  8098  8098 I NormalModeController: NormalModeController.getKeyboardBodyViewHolderPaddingBottom():116 currentPrimeKeyboardType:SOFT systemPaddingBottom:-1
08-02 16:18:30.713  8098  8196 I Delight5Decoder: Delight5DecoderWrapper.setKeyboardLayout():457 setKeyboardLayout()
08-02 16:18:30.893  8098  8098 W TooltipLifecycleManager: TooltipLifecycleManager.dismissTooltips():159 Tooltip with id spell_check_add_to_dictionary not found in tooltipManager.
08-02 16:18:30.917 16348 16348 D UiControllerImpl: Injecting string: "123"
08-02 16:18:30.919   501   877 D InputDispatcher: Touch mode switch rejected, caller (pid=0, uid=10175) doesn't own the focused window nor none of the previously interacted window
08-02 16:18:30.938  8098  8098 W AndroidSpellCheckerService: AndroidSpellCheckerService.initialize():82 initialize...
08-02 16:18:30.938  8098  8098 I ShortcutsDataManager: ShortcutsDataManager.onContentChanged():70 onContentChanged()
08-02 16:18:30.938  8098  8098 I ContactsDataManager: ContactsDataManager.onContentChanged():156 onContentChanged()
08-02 16:18:30.938  8098  8098 W AndroidSpellCheckerService: AndroidSpellCheckerService.initialize():94 initialize...done
08-02 16:18:30.972 16348 16348 I ViewInteraction: Performing 'close keyboard' action on view view.getId() is <2130903042/com.example.android.testing.espresso.BasicSample:id/editTextUserInput>
08-02 16:18:30.973 16348 16348 D IdlingRegistry: Registering idling resources: [androidx.test.espresso.action.CloseKeyboardAction$CloseKeyboardIdlingResult@bf8a149]
08-02 16:18:30.974  8098  8098 I GoogleInputMethodService: GoogleInputMethodService.onFinishInputView():2241
08-02 16:18:30.975  8098  8098 W TooltipLifecycleManager: TooltipLifecycleManager.dismissTooltips():159 Tooltip with id spell_check_add_to_dictionary not found in tooltipManager.
08-02 16:18:30.976  8098  8098 I InputBundle: InputBundle.consumeEvent():923 Skip consuming an event as keyboard status is 0
08-02 16:18:30.976  8098  8098 I KeyboardWrapper: KeyboardWrapper.consumeEvent():275 Skip consuming an event as current keyboard is deactivated (state=0, keyboard existence=true)
08-02 16:18:30.976  8098  8098 I VoiceInputManagerWrapper: VoiceInputManagerWrapper.shutdown():77 shutdown()
08-02 16:18:30.976  8098  8098 I AndroidIME: AbstractIme.onDeactivate():207 LatinIme.onDeactivate()
08-02 16:18:30.976  8098  8149 W ModuleManager: ModuleManager.loadModule():450 Module jjj is not available
08-02 16:18:30.977  8098  8149 I NebulaeTrainingCacheMetricsProcessor: NebulaeTrainingCacheMetricsProcessor.processEndSession():447 No input action collection in this session, skip logging.
08-02 16:18:31.086   705   856 D EGL_emulation: app_time_stats: avg=16.72ms min=12.50ms max=32.52ms count=59
08-02 16:18:31.278 16348 16348 D IdlingRegistry: Unregistering idling resources: [androidx.test.espresso.action.CloseKeyboardAction$CloseKeyboardIdlingResult@bf8a149]
08-02 16:18:31.280 16348 16348 I ViewInteraction: Performing 'single click' action on view view.getId() is <2130903041/com.example.android.testing.espresso.BasicSample:id/changeTextBt>
08-02 16:18:31.338   335   464 D AudioFlinger: mixer(0xb40000796d6d49a0) throttle end: throttle time(36)
08-02 16:18:31.388 16348 16372 D EGL_emulation: app_time_stats: avg=48.77ms min=11.86ms max=318.19ms count=21
08-02 16:18:31.576 16348 16348 I ViewInteraction: Checking 'MatchesViewAssertion{viewMatcher=an instance of android.widget.TextView and view.getText() with or without transformation to match: is "123"}' assertion on view view.getId() is <2130903044/com.example.android.testing.espresso.BasicSample:id/textToBeChanged>
08-02 16:18:31.602   705   856 W Parcel  : Expecting binder but got null!
08-02 16:18:31.603 16348 16348 D LifecycleMonitor: Lifecycle status change: com.example.android.testing.espresso.BasicSample.MainActivity@2af8e90 in: PAUSED
08-02 16:18:31.603 16348 16348 V ActivityScenario: Update currentActivityStage to PAUSED, currentActivity=com.example.android.testing.espresso.BasicSample.MainActivity@2af8e90
08-02 16:18:31.620 16393 16415 W Parcel  : Expecting binder but got null!
08-02 16:18:31.626   705   856 E OpenGLRenderer: Unable to match the desired swap behavior.
08-02 16:18:31.645  1556  2268 I AssistantForeground: (REDACTED) Get launcher package: %s
08-02 16:18:31.647 16393 16415 E OpenGLRenderer: Unable to match the desired swap behavior.
08-02 16:18:31.662  1556  2268 I AssistantForeground: (REDACTED) Get launcher package: %s
08-02 16:18:31.663   501  1584 W AppSearchIcing: icing-search-engine.cc:217: Error: 5, Message: Document (com.google.android.googlequicksearchbox$OneSearchZeroStateGoogleSuggestions/default, zp) not found.
08-02 16:18:31.663   938  1034 D QuickstepModelDelegate: notifyAppTargetEvent action=1 launchLocation=
08-02 16:18:31.664   938  1720 E OneSearchSuggestProvider: Failed to fetch suggestions from AppSearch, fallback to AGA
08-02 16:18:31.664   938  1720 E OneSearchSuggestProvider: java.util.concurrent.CompletionException: java.util.NoSuchElementException: No value present
08-02 16:18:31.664   938  1720 E OneSearchSuggestProvider: 	at java.util.concurrent.CompletableFuture.encodeThrowable(CompletableFuture.java:307)
08-02 16:18:31.664   938  1720 E OneSearchSuggestProvider: 	at java.util.concurrent.CompletableFuture.completeThrowable(CompletableFuture.java:322)
08-02 16:18:31.664   938  1720 E OneSearchSuggestProvider: 	at java.util.concurrent.CompletableFuture$UniAccept.tryFire(CompletableFuture.java:680)
08-02 16:18:31.664   938  1720 E OneSearchSuggestProvider: 	at java.util.concurrent.CompletableFuture.postComplete(CompletableFuture.java:482)
08-02 16:18:31.664   938  1720 E OneSearchSuggestProvider: 	at java.util.concurrent.CompletableFuture.completeExceptionally(CompletableFuture.java:2064)
08-02 16:18:31.664   938  1720 E OneSearchSuggestProvider: 	at com.google.android.apps.nexuslauncher.allapps.J.onResult(Unknown Source:59)
08-02 16:18:31.664   938  1720 E OneSearchSuggestProvider: 	at android.app.appsearch.SearchSessionUtil$1.lambda$onResult$0(SearchSessionUtil.java:128)
08-02 16:18:31.664   938  1720 E OneSearchSuggestProvider: 	at android.app.appsearch.SearchSessionUtil$1.$r8$lambda$_nlk9WiPjSfaAsqKYmp0aPvSRC0(Unknown Source:0)
08-02 16:18:31.664   938  1720 E OneSearchSuggestProvider: 	at android.app.appsearch.AppSearchSession$4$$ExternalSyntheticLambda1.run(Unknown Source:26)
08-02 16:18:31.664   938  1720 E OneSearchSuggestProvider: 	at android.os.Handler.handleCallback(Handler.java:942)
08-02 16:18:31.664   938  1720 E OneSearchSuggestProvider: 	at android.os.Handler.dispatchMessage(Handler.java:99)
08-02 16:18:31.664   938  1720 E OneSearchSuggestProvider: 	at android.os.Looper.loopOnce(Looper.java:201)
08-02 16:18:31.664   938  1720 E OneSearchSuggestProvider: 	at android.os.Looper.loop(Looper.java:288)
08-02 16:18:31.664   938  1720 E OneSearchSuggestProvider: 	at android.os.HandlerThread.run(HandlerThread.java:67)
08-02 16:18:31.664   938  1720 E OneSearchSuggestProvider: Caused by: java.util.NoSuchElementException: No value present
08-02 16:18:31.664   938  1720 E OneSearchSuggestProvider: 	at java.util.Optional.get(Optional.java:144)
08-02 16:18:31.664   938  1720 E OneSearchSuggestProvider: 	at com.google.android.apps.nexuslauncher.allapps.J.onResult(Unknown Source:16)
08-02 16:18:31.664   938  1720 E OneSearchSuggestProvider: 	... 8 more
08-02 16:18:31.664   938  1720 D OneSearchSuggestProvider: Created the binder channel successfully for end point service =com.google.android.apps.search.googleapp.search.suggest.plugins.onesearch.server.OneSearchSuggestService , mChannel=O0{delegate=J0{logId=305, target=directaddress:///AndroidComponentAddress%5BIntent%20%7B%20act=grpc.io.action.BIND%20cmp=com.google.android.googlequicksearchbox/com.google.android.apps.search.googleapp.search.suggest.plugins.onesearch.server.OneSearchSuggestService%20%7D%5D}} , mOneSearchConnection=y1.J@dedfa06
08-02 16:18:31.673   705   856 D EGL_emulation: app_time_stats: avg=96.32ms min=12.58ms max=1166.58ms count=18
08-02 16:18:31.673  1531  1806 I AiAiEcho: Predicting[0]:
08-02 16:18:31.673  1531  1806 I AiAiEcho: Ranked targets strategy: SORT, count: 0, ranking metadata:
08-02 16:18:31.673  1531  1806 I AiAiEcho: #postPredictionTargets: Sending updates to UISurface lockscreen with targets# 0
08-02 16:18:31.674  1531  1806 I AiAiEcho: #postPredictionTargets: Sending updates to UISurface home with targets# 0
08-02 16:18:31.674  1531  1806 I AiAiEcho: #postPredictionTargets: Sending updates to UISurface media_data_manager with targets# 0
08-02 16:18:31.674   705   705 D SsMediaDataProvider: Forwarding Smartspace updates []
08-02 16:18:31.676  7989  8043 E OpenGLRenderer: Unable to match the desired swap behavior.
08-02 16:18:31.681   938  1646 E OpenGLRenderer: Unable to match the desired swap behavior.
08-02 16:18:31.685  1556  1556 I GsaVoiceInteractionSrv: Handling ACTION_START_HOTWORD
08-02 16:18:31.685  1556  2217 I GsaVoiceInteractionSrv: (REDACTED) disregardVoiceMatch: %b
08-02 16:18:31.685  1556  2217 I GsaVoiceInteractionSrv: Cannot start hotword, hotword has been explicitly disabled.
08-02 16:18:31.686  7989  7989 I A       : (REDACTED) Created gRPC endpoint for service %s
08-02 16:18:31.722  8098  8098 I GoogleInputMethodService: GoogleInputMethodService.onFinishInput():3227
08-02 16:18:31.722  8098  8098 I GoogleInputMethodService: GoogleInputMethodService.updateDeviceLockedStatus():2087 repeatCheckTimes = 0, unlocked = true
08-02 16:18:31.722  8098  8098 I GoogleInputMethodService: GoogleInputMethodService.onStartInput():1877 onStartInput(EditorInfo{inputType=0x0(NULL) imeOptions=0x0 privateImeOptions=null actionName=UNSPECIFIED actionLabel=null actionId=0 initialSelStart=-1 initialSelEnd=-1 initialCapsMode=0x0 hintText=null label=null packageName=com.google.android.apps.nexuslauncher fieldId=-1 fieldName=null extras=null}, false)
08-02 16:18:31.722  8098  8098 I GoogleInputMethodService: GoogleInputMethodService.shouldHideHeaderOnInitialState():4008 ShouldHideHeaderOnInitialState = false
08-02 16:18:31.722  8098  8098 I GoogleInputMethodService: GoogleInputMethodService.updateDeviceLockedStatus():2087 repeatCheckTimes = 2, unlocked = true
08-02 16:18:31.723  8098  8098 I ShortcutsDataManager: AbstractContentDataManager.startImportContentTask():234 startImportContentTask()
08-02 16:18:31.723  8098  8161 I ShortcutsDataManager: AbstractContentDataManager$ImportContentTask.doInBackground():248 doInBackground()
08-02 16:18:31.723  8098  8161 I PersonalDictionaryDataHandler: PersonalDictionaryDataHandler.beginProcess():111 LanguageTags = [en-US]
08-02 16:18:31.728  8098  8161 I ShortcutsDataManager: AbstractContentDataManager.importRecords():338 importRecords() : Success : Count = 0
08-02 16:18:31.729  8098  8161 I ShortcutsDataManager: AbstractContentDataManager.importContentData():288 importContentData() : Ending import process
08-02 16:18:31.729  8098  8196 I Delight5Decoder: Delight5DecoderWrapper.unloadLanguageModel():857 unloadLanguageModel() : 4, version [n/a]
08-02 16:18:31.732  8098  8161 I PersonalLanguageModelUpdater: PersonalLanguageModelUpdater$UpdateOperation.performInternal():162 run() : Added 0 words and 0 shortcuts
08-02 16:18:31.732  8098  8161 I DynamicLanguageModelOperation: DynamicLanguageModelOperation.perform():41 perform() : 4 : cje : Completed
08-02 16:18:31.732  8098  8196 I Delight5Decoder: Delight5DecoderWrapper.loadLanguageModel():649 loadLanguageModel() : 4, version [n/a]
08-02 16:18:31.732  8098  8098 I ShortcutsDataManager: AbstractContentDataManager$ImportContentTask.onPostExecute():259 onPostExecute() : Result = [2,0]
08-02 16:18:31.732  8098  8098 I ShortcutsDataManager: ShortcutsDataManager.onImportFinished():80 onImportFinished() : Result = 2 : Count = 0
08-02 16:18:31.732  8098  8196 I Delight5Decoder: Delight5DecoderWrapper.loadLanguageModel():690 Loaded dynamic LM 4.en
08-02 16:18:31.979   501  2264 W InputManager-JNI: Input channel object '3285f7d Splash Screen com.example.android.testing.espresso.BasicSample.test (client)' was disposed without first being removed with the input manager!
08-02 16:18:32.089   705   856 D EGL_emulation: app_time_stats: avg=15.89ms min=0.68ms max=55.27ms count=56
08-02 16:18:32.158 16348 16348 D LifecycleMonitor: Lifecycle status change: com.example.android.testing.espresso.BasicSample.MainActivity@2af8e90 in: STOPPED
08-02 16:18:32.158 16348 16348 V ActivityScenario: Update currentActivityStage to STOPPED, currentActivity=com.example.android.testing.espresso.BasicSample.MainActivity@2af8e90
08-02 16:18:32.158 16348 16348 D LifecycleMonitor: Lifecycle status change: com.example.android.testing.espresso.BasicSample.MainActivity@2af8e90 in: DESTROYED
08-02 16:18:32.158 16348 16348 V ActivityScenario: Update currentActivityStage to DESTROYED, currentActivity=null
08-02 16:18:32.158 16348 16369 I TestRunner: finished: testChangeTextWith123(com.example.android.testing.espresso.BasicSample.ChangeTextBehaviorKtTest)
